<html>
<body>
<pre>
<h1>µVision Build Log</h1>
<h2>Tool Versions:</h2>
IDE-Version: µVision V5.43.1.0
Copyright (C) 2025 ARM Ltd and ARM Germany GmbH. All rights reserved.
License Information: A A, A, LIC=----
 
Tool Versions:
Toolchain:       MDK-Lite  Version: 5.43.0.0
Toolchain Path:  D:\App\Keil MDK\Keil\ARM\ARMCLANG\Bin
C Compiler:      ArmClang.exe V6.24
Assembler:       Armasm.exe V6.24
Linker/Locator:  ArmLink.exe V6.24
Library Manager: ArmAr.exe V6.24
Hex Converter:   FromElf.exe V6.24
CPU DLL:         SARMCM3.DLL V5.43.0.0
Dialog DLL:      DCM.DLL V1.17.5.0
Target DLL:      STLink\ST-LINKIII-KEIL_SWO.dll V3.3.1.0
Dialog DLL:      TCM.DLL V1.56.6.0
 
<h2>Project:</h2>
D:\HocTap\Embedded_IoT\GitHub\Do_an_Chuyen_nganh\CODE\STM32_HM10_DC\MDK-ARM\STM32_BLE_DC.uvprojx
Project File Date:  12/12/2025

<h2>Output:</h2>
*** Using Compiler 'V6.24', folder: 'D:\App\Keil MDK\Keil\ARM\ARMCLANG\Bin'
Build target 'STM32_BLE_DC'
../Core/Src/main.c(282): warning: passing 'char[1]' to parameter of type 'uint8_t *' (aka 'unsigned char *') converts between pointers to integer types where one is of the unique plain 'char' type and the other is not [-Wpointer-sign]
  282 |     if(HAL_UART_Receive(&huart1, buffer, 1, 100) == HAL_OK)
      |                                  ^~~~~~
../Drivers/STM32F1xx_HAL_Driver/Inc\stm32f1xx_hal_uart.h(750): note: passing argument to parameter 'pData' here
  750 | HAL_StatusTypeDef HAL_UART_Receive(UART_HandleTypeDef *huart, uint8_t *pData, uint16_t Size, uint32_t Timeout);
      |                                                                        ^
1 warning generated.
compiling main.c...
linking...
Program Size: Code=18304 RO-data=828 RW-data=12 ZI-data=2084  
FromELF: creating hex file...
"STM32_BLE_DC\STM32_BLE_DC.axf" - 0 Error(s), 1 Warning(s).

<h2>Software Packages used:</h2>

Package Vendor: ARM
                https://www.keil.com/pack/ARM.CMSIS.6.2.0.pack
                ARM::CMSIS@6.2.0
                CMSIS (Common Microcontroller Software Interface Standard)
   * Component: CORE Version: 6.1.1

Package Vendor: Keil
                https://www.keil.com/pack/Keil.STM32F1xx_DFP.2.4.1.pack
                Keil::STM32F1xx_DFP@2.4.1
                STMicroelectronics STM32F1 Series Device Support, Drivers and Examples

<h2>Collection of Component include folders:</h2>
  ./RTE/_STM32_BLE_DC
  D:/App/Keil MDK/Packs/ARM/CMSIS/6.2.0/CMSIS/Core/Include
  D:/App/Keil MDK/Packs/Keil/STM32F1xx_DFP/2.4.1/Device/Include

<h2>Collection of Component Files used:</h2>

   * Component: ARM::CMSIS:CORE@6.1.1
      Include file:  CMSIS/Core/Include/tz_context.h
Build Time Elapsed:  00:00:01
</pre>
</body>
</html>
